******************************************************************************
                  TI ARM Linker Unix v16.9.4                   
******************************************************************************
>> Linked Tue Dec  5 18:29:31 2017

OUTPUT FILE NAME:   <adc14_single_differntial_2s_compliment_MSP_EXP432P401R_nortos_ccs.out>
ENTRY POINT SYMBOL: "_c_int00"  address: 00000a19


MEMORY CONFIGURATION

         name            origin    length      used     unused   attr    fill
----------------------  --------  ---------  --------  --------  ----  --------
  MAIN                  00000000   00040000  00000c30  0003f3d0  R  X
  INFO                  00200000   00004000  00000000  00004000  R  X
  SRAM_CODE             01000000   00010000  00005250  0000adb0  RW X
  SRAM_DATA             20000000   00010000  00005250  0000adb0  RW  


SEGMENT ALLOCATION MAP

run origin  load origin   length   init length attrs members
----------  ----------- ---------- ----------- ----- -------
00000000    00000000    00000c30   00000c30    r-x
  00000000    00000000    000000e4   000000e4    r-- .intvecs
  000000e4    000000e4    00000ac4   00000ac4    r-x .text
  00000ba8    00000ba8    00000030   00000030    r-- .const
  00000bd8    00000bd8    00000058   00000058    r-- .cinit
20000000    20000000    00005050   00000000    rw-
  20000000    20000000    00004fb8   00000000    rw- .bss
  20004fb8    20004fb8    00000098   00000000    rw- .data
2000fe00    2000fe00    00000200   00000000    rw-
  2000fe00    2000fe00    00000200   00000000    rw- .stack


SECTION ALLOCATION MAP

 output                                  attributes/
section   page    origin      length       input sections
--------  ----  ----------  ----------   ----------------
.intvecs   0    00000000    000000e4     
                  00000000    000000e4     startup_msp432p401r_ccs.obj (.intvecs:retain)

.text      0    000000e4    00000ac4     
                  000000e4    0000039c     adc14_single_differntial_2s_compliment.obj (.text:serviceBus)
                  00000480    000001c0     adc14_single_differntial_2s_compliment.obj (.text:ADC14_IRQHandler)
                  00000640    00000140     adc14_single_differntial_2s_compliment.obj (.text:main)
                  00000780    000000a8     system_msp432p401r.obj (.text:SystemInit)
                  00000828    0000009c     rtsv7M4_T_le_v4SPD16_eabi.lib : memcpy_t2.obj (.text)
                  000008c4    0000007a                                   : memset_t2.obj (.text)
                  0000093e    00000002     startup_msp432p401r_ccs.obj (.text:Default_Handler)
                  00000940    00000070     rtsv7M4_T_le_v4SPD16_eabi.lib : autoinit.obj (.text)
                  000009b0    00000068                                   : copy_decompress_lzss.obj (.text:decompress:lzss)
                  00000a18    00000054                                   : boot.obj (.text)
                  00000a6c    00000054                                   : exit.obj (.text)
                  00000ac0    0000004c                                   : cpy_tbl.obj (.text)
                  00000b0c    0000003c     adc14_single_differntial_2s_compliment.obj (.text:convertToFloat)
                  00000b48    00000018     rtsv7M4_T_le_v4SPD16_eabi.lib : args_main.obj (.text)
                  00000b60    00000014                                   : _lock.obj (.text)
                  00000b74    0000000e                                   : copy_decompress_none.obj (.text:decompress:none)
                  00000b82    0000000c     startup_msp432p401r_ccs.obj (.text:Reset_Handler)
                  00000b8e    0000000c     rtsv7M4_T_le_v4SPD16_eabi.lib : copy_zero_init.obj (.text:decompress:ZI)
                  00000b9a    00000006     adc14_single_differntial_2s_compliment.obj (.text:SysTick_Handler)
                  00000ba0    00000004     rtsv7M4_T_le_v4SPD16_eabi.lib : pre_init.obj (.text)
                  00000ba4    00000002                                   : mpu_init.obj (.text)
                  00000ba6    00000002                                   : startup.obj (.text)

.const     0    00000ba8    00000030     
                  00000ba8    00000030     adc14_single_differntial_2s_compliment.obj (.const:iebusFrameField)

.cinit     0    00000bd8    00000058     
                  00000bd8    00000034     (.cinit..data.load) [load image, compression = lzss]
                  00000c0c    0000000c     (__TI_handler_table)
                  00000c18    00000008     (.cinit..bss.load) [load image, compression = zero_init]
                  00000c20    00000010     (__TI_cinit_table)

.init_array 
*          0    00000000    00000000     UNINITIALIZED

.binit     0    00000000    00000000     

.bss       0    20000000    00004fb8     UNINITIALIZED
                  20000000    00002000     adc14_single_differntial_2s_compliment.obj (.bss:highLowList)
                  20002000    00001000     adc14_single_differntial_2s_compliment.obj (.bss:bitList)
                  20003000    00001000     adc14_single_differntial_2s_compliment.obj (.bss:readerBitsBuffer)
                  20004000    00000fa0     adc14_single_differntial_2s_compliment.obj (.bss:readerFrameBuffer)
                  20004fa0    00000018     adc14_single_differntial_2s_compliment.obj (.bss)

.data      0    20004fb8    00000098     UNINITIALIZED
                  20004fb8    00000040     adc14_single_differntial_2s_compliment.obj (.data:vmIebusStatistics)
                  20004ff8    0000003d     adc14_single_differntial_2s_compliment.obj (.data)
                  20005035    00000003     --HOLE--
                  20005038    0000000c     rtsv7M4_T_le_v4SPD16_eabi.lib : exit.obj (.data:$O1$$)
                  20005044    00000008                                   : _lock.obj (.data:$O1$$)
                  2000504c    00000004                                   : stkdepth_vars.obj (.data)

.stack     0    2000fe00    00000200     UNINITIALIZED
                  2000fe00    00000200     --HOLE--

MODULE SUMMARY

       Module                                       code   ro data   rw data
       ------                                       ----   -------   -------
    ./
       adc14_single_differntial_2s_compliment.obj   1758   48        41066  
       system_msp432p401r.obj                       168    0         0      
    +--+--------------------------------------------+------+---------+---------+
       Total:                                       1926   48        41066  
                                                                            
    ./ccs/
       startup_msp432p401r_ccs.obj                  14     228       0      
    +--+--------------------------------------------+------+---------+---------+
       Total:                                       14     228       0      
                                                                            
    /Applications/ti/ccsv7/tools/compiler/ti-cgt-arm_16.9.4.LTS/lib/rtsv7M4_T_le_v4SPD16_eabi.lib
       memcpy_t2.obj                                156    0         0      
       memset_t2.obj                                122    0         0      
       autoinit.obj                                 112    0         0      
       exit.obj                                     84     0         24     
       copy_decompress_lzss.obj                     104    0         0      
       boot.obj                                     84     0         0      
       cpy_tbl.obj                                  76     0         0      
       _lock.obj                                    20     0         16     
       args_main.obj                                24     0         0      
       copy_decompress_none.obj                     14     0         0      
       copy_zero_init.obj                           12     0         0      
       stkdepth_vars.obj                            0      0         8      
       pre_init.obj                                 4      0         0      
       mpu_init.obj                                 2      0         0      
       startup.obj                                  2      0         0      
    +--+--------------------------------------------+------+---------+---------+
       Total:                                       816    0         48     
                                                                            
       Stack:                                       0      0         1024   
       Linker Generated:                            0      88        0      
    +--+--------------------------------------------+------+---------+---------+
       Grand Total:                                 2756   364       42138  


LINKER GENERATED COPY TABLES

__TI_cinit_table @ 00000c20 records: 2, size/record: 8, table size: 16
	.data: load addr=00000bd8, load size=00000034 bytes, run addr=20004fb8, run size=00000098 bytes, compression=lzss
	.bss: load addr=00000c18, load size=00000008 bytes, run addr=20000000, run size=00004fb8 bytes, compression=zero_init


LINKER GENERATED HANDLER TABLE

__TI_handler_table @ 00000c0c records: 3, size/record: 4, table size: 12
	index: 0, handler: __TI_decompress_lzss
	index: 1, handler: __TI_decompress_none
	index: 2, handler: __TI_zero_init


GLOBAL SYMBOLS: SORTED ALPHABETICALLY BY Name 

address   name                           
-------   ----                           
00000481  ADC14_IRQHandler               
00000481  ADC14_IRQHandler               
0000093f  AES256_IRQHandler              
0000093f  BusFault_Handler               
00000a6d  C$$EXIT                        
0000093f  COMP_E0_IRQHandler             
0000093f  COMP_E1_IRQHandler             
0000093f  CS_IRQHandler                  
0000093f  DMA_ERR_IRQHandler             
0000093f  DMA_INT0_IRQHandler            
0000093f  DMA_INT1_IRQHandler            
0000093f  DMA_INT2_IRQHandler            
0000093f  DMA_INT3_IRQHandler            
0000093f  DebugMon_Handler               
0000093f  Default_Handler                
0000093f  EUSCIA0_IRQHandler             
0000093f  EUSCIA1_IRQHandler             
0000093f  EUSCIA2_IRQHandler             
0000093f  EUSCIA3_IRQHandler             
0000093f  EUSCIB0_IRQHandler             
0000093f  EUSCIB1_IRQHandler             
0000093f  EUSCIB2_IRQHandler             
0000093f  EUSCIB3_IRQHandler             
0000093f  FLCTL_IRQHandler               
0000093f  FPU_IRQHandler                 
0000093f  HardFault_Handler              
0000093f  MemManage_Handler              
0000093f  NMI_Handler                    
0000093f  PCM_IRQHandler                 
0000093f  PORT1_IRQHandler               
0000093f  PORT2_IRQHandler               
0000093f  PORT3_IRQHandler               
0000093f  PORT4_IRQHandler               
0000093f  PORT5_IRQHandler               
0000093f  PORT6_IRQHandler               
0000093f  PSS_IRQHandler                 
0000093f  PendSV_Handler                 
0000093f  RTC_C_IRQHandler               
00000b83  Reset_Handler                  
UNDEFED   SHT$$INIT_ARRAY$$Base          
UNDEFED   SHT$$INIT_ARRAY$$Limit         
0000093f  SVC_Handler                    
00000b9b  SysTick_Handler                
00000b9b  SysTick_Handler                
00000781  SystemInit                     
0000093f  T32_INT1_IRQHandler            
0000093f  T32_INT2_IRQHandler            
0000093f  T32_INTC_IRQHandler            
0000093f  TA0_0_IRQHandler               
0000093f  TA0_N_IRQHandler               
0000093f  TA1_0_IRQHandler               
0000093f  TA1_N_IRQHandler               
0000093f  TA2_0_IRQHandler               
0000093f  TA2_N_IRQHandler               
0000093f  TA3_0_IRQHandler               
0000093f  TA3_N_IRQHandler               
0000093f  UsageFault_Handler             
4000480c  WDTCTL_SYM                     
0000093f  WDT_A_IRQHandler               
20010000  __STACK_END                    
00000200  __STACK_SIZE                   
00000c20  __TI_CINIT_Base                
00000c30  __TI_CINIT_Limit               
00000c0c  __TI_Handler_Table_Base        
00000c18  __TI_Handler_Table_Limit       
00000941  __TI_auto_init                 
20005038  __TI_cleanup_ptr               
000009b1  __TI_decompress_lzss           
00000b75  __TI_decompress_none           
2000503c  __TI_dtors_ptr                 
20005040  __TI_enable_exit_profile_output
ffffffff  __TI_pprof_out_hndl            
ffffffff  __TI_prof_data_size            
ffffffff  __TI_prof_data_start           
00000000  __TI_static_base__             
00000b8f  __TI_zero_init                 
000008c5  __aeabi_memclr                 
000008c5  __aeabi_memclr4                
000008c5  __aeabi_memclr8                
00000829  __aeabi_memcpy                 
00000829  __aeabi_memcpy4                
00000829  __aeabi_memcpy8                
000008c7  __aeabi_memset                 
000008c7  __aeabi_memset4                
000008c7  __aeabi_memset8                
ffffffff  __binit__                      
ffffffff  __c_args__                     
00000ba5  __mpu_init                     
2000fe00  __stack                        
00000b49  _args_main                     
00000a19  _c_int00                       
20005044  _lock                          
00000b6f  _nop                           
00000b67  _register_lock                 
00000b61  _register_unlock               
00000ba7  _system_post_cinit             
00000ba1  _system_pre_init               
20005048  _unlock                        
00000a71  abort                          
ffffffff  binit                          
00000ac1  copy_in                        
00000a79  exit                           
00000000  interruptVectors               
00000641  main                           
2000504c  main_func_sp                   
00000829  memcpy                         
000008cd  memset                         
20004fb8  vmIebusStatistics              


GLOBAL SYMBOLS: SORTED BY Symbol Address 

address   name                           
-------   ----                           
00000000  __TI_static_base__             
00000000  interruptVectors               
00000200  __STACK_SIZE                   
00000481  ADC14_IRQHandler               
00000481  ADC14_IRQHandler               
00000641  main                           
00000781  SystemInit                     
00000829  __aeabi_memcpy                 
00000829  __aeabi_memcpy4                
00000829  __aeabi_memcpy8                
00000829  memcpy                         
000008c5  __aeabi_memclr                 
000008c5  __aeabi_memclr4                
000008c5  __aeabi_memclr8                
000008c7  __aeabi_memset                 
000008c7  __aeabi_memset4                
000008c7  __aeabi_memset8                
000008cd  memset                         
0000093f  AES256_IRQHandler              
0000093f  BusFault_Handler               
0000093f  COMP_E0_IRQHandler             
0000093f  COMP_E1_IRQHandler             
0000093f  CS_IRQHandler                  
0000093f  DMA_ERR_IRQHandler             
0000093f  DMA_INT0_IRQHandler            
0000093f  DMA_INT1_IRQHandler            
0000093f  DMA_INT2_IRQHandler            
0000093f  DMA_INT3_IRQHandler            
0000093f  DebugMon_Handler               
0000093f  Default_Handler                
0000093f  EUSCIA0_IRQHandler             
0000093f  EUSCIA1_IRQHandler             
0000093f  EUSCIA2_IRQHandler             
0000093f  EUSCIA3_IRQHandler             
0000093f  EUSCIB0_IRQHandler             
0000093f  EUSCIB1_IRQHandler             
0000093f  EUSCIB2_IRQHandler             
0000093f  EUSCIB3_IRQHandler             
0000093f  FLCTL_IRQHandler               
0000093f  FPU_IRQHandler                 
0000093f  HardFault_Handler              
0000093f  MemManage_Handler              
0000093f  NMI_Handler                    
0000093f  PCM_IRQHandler                 
0000093f  PORT1_IRQHandler               
0000093f  PORT2_IRQHandler               
0000093f  PORT3_IRQHandler               
0000093f  PORT4_IRQHandler               
0000093f  PORT5_IRQHandler               
0000093f  PORT6_IRQHandler               
0000093f  PSS_IRQHandler                 
0000093f  PendSV_Handler                 
0000093f  RTC_C_IRQHandler               
0000093f  SVC_Handler                    
0000093f  T32_INT1_IRQHandler            
0000093f  T32_INT2_IRQHandler            
0000093f  T32_INTC_IRQHandler            
0000093f  TA0_0_IRQHandler               
0000093f  TA0_N_IRQHandler               
0000093f  TA1_0_IRQHandler               
0000093f  TA1_N_IRQHandler               
0000093f  TA2_0_IRQHandler               
0000093f  TA2_N_IRQHandler               
0000093f  TA3_0_IRQHandler               
0000093f  TA3_N_IRQHandler               
0000093f  UsageFault_Handler             
0000093f  WDT_A_IRQHandler               
00000941  __TI_auto_init                 
000009b1  __TI_decompress_lzss           
00000a19  _c_int00                       
00000a6d  C$$EXIT                        
00000a71  abort                          
00000a79  exit                           
00000ac1  copy_in                        
00000b49  _args_main                     
00000b61  _register_unlock               
00000b67  _register_lock                 
00000b6f  _nop                           
00000b75  __TI_decompress_none           
00000b83  Reset_Handler                  
00000b8f  __TI_zero_init                 
00000b9b  SysTick_Handler                
00000b9b  SysTick_Handler                
00000ba1  _system_pre_init               
00000ba5  __mpu_init                     
00000ba7  _system_post_cinit             
00000c0c  __TI_Handler_Table_Base        
00000c18  __TI_Handler_Table_Limit       
00000c20  __TI_CINIT_Base                
00000c30  __TI_CINIT_Limit               
20004fb8  vmIebusStatistics              
20005038  __TI_cleanup_ptr               
2000503c  __TI_dtors_ptr                 
20005040  __TI_enable_exit_profile_output
20005044  _lock                          
20005048  _unlock                        
2000504c  main_func_sp                   
2000fe00  __stack                        
20010000  __STACK_END                    
4000480c  WDTCTL_SYM                     
ffffffff  __TI_pprof_out_hndl            
ffffffff  __TI_prof_data_size            
ffffffff  __TI_prof_data_start           
ffffffff  __binit__                      
ffffffff  __c_args__                     
ffffffff  binit                          
UNDEFED   SHT$$INIT_ARRAY$$Base          
UNDEFED   SHT$$INIT_ARRAY$$Limit         

[108 symbols]
