******************************************************************************
                  TI ARM Linker Unix v16.9.4                   
******************************************************************************
>> Linked Tue Dec  5 14:55:07 2017

OUTPUT FILE NAME:   <adc14_single_differntial_2s_compliment_MSP_EXP432P401R_nortos_ccs.out>
ENTRY POINT SYMBOL: "_c_int00"  address: 00000955


MEMORY CONFIGURATION

         name            origin    length      used     unused   attr    fill
----------------------  --------  ---------  --------  --------  ----  --------
  MAIN                  00000000   00040000  00000b6c  0003f494  R  X
  INFO                  00200000   00004000  00000000  00004000  R  X
  SRAM_CODE             01000000   00010000  00006218  00009de8  RW X
  SRAM_DATA             20000000   00010000  00006218  00009de8  RW  


SEGMENT ALLOCATION MAP

run origin  load origin   length   init length attrs members
----------  ----------- ---------- ----------- ----- -------
00000000    00000000    00000b70   00000b70    r-x
  00000000    00000000    000000e4   000000e4    r-- .intvecs
  000000e4    000000e4    00000a00   00000a00    r-x .text
  00000ae4    00000ae4    00000030   00000030    r-- .const
  00000b18    00000b18    00000058   00000058    r-- .cinit
20000000    20000000    00006018   00000000    rw-
  20000000    20000000    00005fb8   00000000    rw- .bss
  20005fb8    20005fb8    00000060   00000000    rw- .data
2000fe00    2000fe00    00000200   00000000    rw-
  2000fe00    2000fe00    00000200   00000000    rw- .stack


SECTION ALLOCATION MAP

 output                                  attributes/
section   page    origin      length       input sections
--------  ----  ----------  ----------   ----------------
.intvecs   0    00000000    000000e4     
                  00000000    000000e4     startup_msp432p401r_ccs.obj (.intvecs:retain)

.text      0    000000e4    00000a00     
                  000000e4    000002e4     adc14_single_differntial_2s_compliment.obj (.text:serviceBus)
                  000003c8    000001b8     adc14_single_differntial_2s_compliment.obj (.text:ADC14_IRQHandler)
                  00000580    0000013c     adc14_single_differntial_2s_compliment.obj (.text:main)
                  000006bc    000000a8     system_msp432p401r.obj (.text:SystemInit)
                  00000764    0000009c     rtsv7M4_T_le_v4SPD16_eabi.lib : memcpy_t2.obj (.text)
                  00000800    0000007a                                   : memset_t2.obj (.text)
                  0000087a    00000002     startup_msp432p401r_ccs.obj (.text:Default_Handler)
                  0000087c    00000070     rtsv7M4_T_le_v4SPD16_eabi.lib : autoinit.obj (.text)
                  000008ec    00000068                                   : copy_decompress_lzss.obj (.text:decompress:lzss)
                  00000954    00000054                                   : boot.obj (.text)
                  000009a8    00000054                                   : exit.obj (.text)
                  000009fc    0000004c                                   : cpy_tbl.obj (.text)
                  00000a48    0000003c     adc14_single_differntial_2s_compliment.obj (.text:convertToFloat)
                  00000a84    00000018     rtsv7M4_T_le_v4SPD16_eabi.lib : args_main.obj (.text)
                  00000a9c    00000014                                   : _lock.obj (.text)
                  00000ab0    0000000e                                   : copy_decompress_none.obj (.text:decompress:none)
                  00000abe    0000000c     startup_msp432p401r_ccs.obj (.text:Reset_Handler)
                  00000aca    0000000c     rtsv7M4_T_le_v4SPD16_eabi.lib : copy_zero_init.obj (.text:decompress:ZI)
                  00000ad6    00000006     adc14_single_differntial_2s_compliment.obj (.text:SysTick_Handler)
                  00000adc    00000004     rtsv7M4_T_le_v4SPD16_eabi.lib : pre_init.obj (.text)
                  00000ae0    00000002                                   : mpu_init.obj (.text)
                  00000ae2    00000002                                   : startup.obj (.text)

.const     0    00000ae4    00000030     
                  00000ae4    00000030     adc14_single_differntial_2s_compliment.obj (.const:iebusFrameField)

.cinit     0    00000b18    00000058     
                  00000b18    00000033     (.cinit..data.load) [load image, compression = lzss]
                  00000b4b    00000001     --HOLE-- [fill = 0]
                  00000b4c    0000000c     (__TI_handler_table)
                  00000b58    00000008     (.cinit..bss.load) [load image, compression = zero_init]
                  00000b60    00000010     (__TI_cinit_table)

.init_array 
*          0    00000000    00000000     UNINITIALIZED

.binit     0    00000000    00000000     

.bss       0    20000000    00005fb8     UNINITIALIZED
                  20000000    00004000     adc14_single_differntial_2s_compliment.obj (.bss:highLowList)
                  20004000    00001000     adc14_single_differntial_2s_compliment.obj (.bss:readerBitsBuffer)
                  20005000    00000fa0     adc14_single_differntial_2s_compliment.obj (.bss:readerFrameBuffer)
                  20005fa0    00000018     adc14_single_differntial_2s_compliment.obj (.bss)

.data      0    20005fb8    00000060     UNINITIALIZED
                  20005fb8    00000045     adc14_single_differntial_2s_compliment.obj (.data)
                  20005ffd    00000003     --HOLE--
                  20006000    0000000c     rtsv7M4_T_le_v4SPD16_eabi.lib : exit.obj (.data:$O1$$)
                  2000600c    00000008                                   : _lock.obj (.data:$O1$$)
                  20006014    00000004                                   : stkdepth_vars.obj (.data)

.stack     0    2000fe00    00000200     UNINITIALIZED
                  2000fe00    00000200     --HOLE--

MODULE SUMMARY

       Module                                       code   ro data   rw data
       ------                                       ----   -------   -------
    ./
       adc14_single_differntial_2s_compliment.obj   1562   48        49146  
       system_msp432p401r.obj                       168    0         0      
    +--+--------------------------------------------+------+---------+---------+
       Total:                                       1730   48        49146  
                                                                            
    ./ccs/
       startup_msp432p401r_ccs.obj                  14     228       0      
    +--+--------------------------------------------+------+---------+---------+
       Total:                                       14     228       0      
                                                                            
    /Applications/ti/ccsv7/tools/compiler/ti-cgt-arm_16.9.4.LTS/lib/rtsv7M4_T_le_v4SPD16_eabi.lib
       memcpy_t2.obj                                156    0         0      
       memset_t2.obj                                122    0         0      
       autoinit.obj                                 112    0         0      
       exit.obj                                     84     0         24     
       copy_decompress_lzss.obj                     104    0         0      
       boot.obj                                     84     0         0      
       cpy_tbl.obj                                  76     0         0      
       _lock.obj                                    20     0         16     
       args_main.obj                                24     0         0      
       copy_decompress_none.obj                     14     0         0      
       copy_zero_init.obj                           12     0         0      
       stkdepth_vars.obj                            0      0         8      
       pre_init.obj                                 4      0         0      
       mpu_init.obj                                 2      0         0      
       startup.obj                                  2      0         0      
    +--+--------------------------------------------+------+---------+---------+
       Total:                                       816    0         48     
                                                                            
       Stack:                                       0      0         1024   
       Linker Generated:                            0      87        0      
    +--+--------------------------------------------+------+---------+---------+
       Grand Total:                                 2560   363       50218  


LINKER GENERATED COPY TABLES

__TI_cinit_table @ 00000b60 records: 2, size/record: 8, table size: 16
	.data: load addr=00000b18, load size=00000033 bytes, run addr=20005fb8, run size=00000060 bytes, compression=lzss
	.bss: load addr=00000b58, load size=00000008 bytes, run addr=20000000, run size=00005fb8 bytes, compression=zero_init


LINKER GENERATED HANDLER TABLE

__TI_handler_table @ 00000b4c records: 3, size/record: 4, table size: 12
	index: 0, handler: __TI_decompress_lzss
	index: 1, handler: __TI_decompress_none
	index: 2, handler: __TI_zero_init


GLOBAL SYMBOLS: SORTED ALPHABETICALLY BY Name 

address   name                           
-------   ----                           
000003c9  ADC14_IRQHandler               
000003c9  ADC14_IRQHandler               
0000087b  AES256_IRQHandler              
0000087b  BusFault_Handler               
000009a9  C$$EXIT                        
0000087b  COMP_E0_IRQHandler             
0000087b  COMP_E1_IRQHandler             
0000087b  CS_IRQHandler                  
0000087b  DMA_ERR_IRQHandler             
0000087b  DMA_INT0_IRQHandler            
0000087b  DMA_INT1_IRQHandler            
0000087b  DMA_INT2_IRQHandler            
0000087b  DMA_INT3_IRQHandler            
0000087b  DebugMon_Handler               
0000087b  Default_Handler                
0000087b  EUSCIA0_IRQHandler             
0000087b  EUSCIA1_IRQHandler             
0000087b  EUSCIA2_IRQHandler             
0000087b  EUSCIA3_IRQHandler             
0000087b  EUSCIB0_IRQHandler             
0000087b  EUSCIB1_IRQHandler             
0000087b  EUSCIB2_IRQHandler             
0000087b  EUSCIB3_IRQHandler             
0000087b  FLCTL_IRQHandler               
0000087b  FPU_IRQHandler                 
0000087b  HardFault_Handler              
0000087b  MemManage_Handler              
0000087b  NMI_Handler                    
0000087b  PCM_IRQHandler                 
0000087b  PORT1_IRQHandler               
0000087b  PORT2_IRQHandler               
0000087b  PORT3_IRQHandler               
0000087b  PORT4_IRQHandler               
0000087b  PORT5_IRQHandler               
0000087b  PORT6_IRQHandler               
0000087b  PSS_IRQHandler                 
0000087b  PendSV_Handler                 
0000087b  RTC_C_IRQHandler               
00000abf  Reset_Handler                  
UNDEFED   SHT$$INIT_ARRAY$$Base          
UNDEFED   SHT$$INIT_ARRAY$$Limit         
0000087b  SVC_Handler                    
00000ad7  SysTick_Handler                
00000ad7  SysTick_Handler                
000006bd  SystemInit                     
0000087b  T32_INT1_IRQHandler            
0000087b  T32_INT2_IRQHandler            
0000087b  T32_INTC_IRQHandler            
0000087b  TA0_0_IRQHandler               
0000087b  TA0_N_IRQHandler               
0000087b  TA1_0_IRQHandler               
0000087b  TA1_N_IRQHandler               
0000087b  TA2_0_IRQHandler               
0000087b  TA2_N_IRQHandler               
0000087b  TA3_0_IRQHandler               
0000087b  TA3_N_IRQHandler               
0000087b  UsageFault_Handler             
4000480c  WDTCTL_SYM                     
0000087b  WDT_A_IRQHandler               
20010000  __STACK_END                    
00000200  __STACK_SIZE                   
00000b60  __TI_CINIT_Base                
00000b70  __TI_CINIT_Limit               
00000b4c  __TI_Handler_Table_Base        
00000b58  __TI_Handler_Table_Limit       
0000087d  __TI_auto_init                 
20006000  __TI_cleanup_ptr               
000008ed  __TI_decompress_lzss           
00000ab1  __TI_decompress_none           
20006004  __TI_dtors_ptr                 
20006008  __TI_enable_exit_profile_output
ffffffff  __TI_pprof_out_hndl            
ffffffff  __TI_prof_data_size            
ffffffff  __TI_prof_data_start           
00000000  __TI_static_base__             
00000acb  __TI_zero_init                 
00000801  __aeabi_memclr                 
00000801  __aeabi_memclr4                
00000801  __aeabi_memclr8                
00000765  __aeabi_memcpy                 
00000765  __aeabi_memcpy4                
00000765  __aeabi_memcpy8                
00000803  __aeabi_memset                 
00000803  __aeabi_memset4                
00000803  __aeabi_memset8                
ffffffff  __binit__                      
ffffffff  __c_args__                     
00000ae1  __mpu_init                     
2000fe00  __stack                        
00000a85  _args_main                     
00000955  _c_int00                       
2000600c  _lock                          
00000aab  _nop                           
00000aa3  _register_lock                 
00000a9d  _register_unlock               
00000ae3  _system_post_cinit             
00000add  _system_pre_init               
20006010  _unlock                        
000009ad  abort                          
ffffffff  binit                          
000009fd  copy_in                        
000009b5  exit                           
00000000  interruptVectors               
00000581  main                           
20006014  main_func_sp                   
00000765  memcpy                         
00000809  memset                         


GLOBAL SYMBOLS: SORTED BY Symbol Address 

address   name                           
-------   ----                           
00000000  __TI_static_base__             
00000000  interruptVectors               
00000200  __STACK_SIZE                   
000003c9  ADC14_IRQHandler               
000003c9  ADC14_IRQHandler               
00000581  main                           
000006bd  SystemInit                     
00000765  __aeabi_memcpy                 
00000765  __aeabi_memcpy4                
00000765  __aeabi_memcpy8                
00000765  memcpy                         
00000801  __aeabi_memclr                 
00000801  __aeabi_memclr4                
00000801  __aeabi_memclr8                
00000803  __aeabi_memset                 
00000803  __aeabi_memset4                
00000803  __aeabi_memset8                
00000809  memset                         
0000087b  AES256_IRQHandler              
0000087b  BusFault_Handler               
0000087b  COMP_E0_IRQHandler             
0000087b  COMP_E1_IRQHandler             
0000087b  CS_IRQHandler                  
0000087b  DMA_ERR_IRQHandler             
0000087b  DMA_INT0_IRQHandler            
0000087b  DMA_INT1_IRQHandler            
0000087b  DMA_INT2_IRQHandler            
0000087b  DMA_INT3_IRQHandler            
0000087b  DebugMon_Handler               
0000087b  Default_Handler                
0000087b  EUSCIA0_IRQHandler             
0000087b  EUSCIA1_IRQHandler             
0000087b  EUSCIA2_IRQHandler             
0000087b  EUSCIA3_IRQHandler             
0000087b  EUSCIB0_IRQHandler             
0000087b  EUSCIB1_IRQHandler             
0000087b  EUSCIB2_IRQHandler             
0000087b  EUSCIB3_IRQHandler             
0000087b  FLCTL_IRQHandler               
0000087b  FPU_IRQHandler                 
0000087b  HardFault_Handler              
0000087b  MemManage_Handler              
0000087b  NMI_Handler                    
0000087b  PCM_IRQHandler                 
0000087b  PORT1_IRQHandler               
0000087b  PORT2_IRQHandler               
0000087b  PORT3_IRQHandler               
0000087b  PORT4_IRQHandler               
0000087b  PORT5_IRQHandler               
0000087b  PORT6_IRQHandler               
0000087b  PSS_IRQHandler                 
0000087b  PendSV_Handler                 
0000087b  RTC_C_IRQHandler               
0000087b  SVC_Handler                    
0000087b  T32_INT1_IRQHandler            
0000087b  T32_INT2_IRQHandler            
0000087b  T32_INTC_IRQHandler            
0000087b  TA0_0_IRQHandler               
0000087b  TA0_N_IRQHandler               
0000087b  TA1_0_IRQHandler               
0000087b  TA1_N_IRQHandler               
0000087b  TA2_0_IRQHandler               
0000087b  TA2_N_IRQHandler               
0000087b  TA3_0_IRQHandler               
0000087b  TA3_N_IRQHandler               
0000087b  UsageFault_Handler             
0000087b  WDT_A_IRQHandler               
0000087d  __TI_auto_init                 
000008ed  __TI_decompress_lzss           
00000955  _c_int00                       
000009a9  C$$EXIT                        
000009ad  abort                          
000009b5  exit                           
000009fd  copy_in                        
00000a85  _args_main                     
00000a9d  _register_unlock               
00000aa3  _register_lock                 
00000aab  _nop                           
00000ab1  __TI_decompress_none           
00000abf  Reset_Handler                  
00000acb  __TI_zero_init                 
00000ad7  SysTick_Handler                
00000ad7  SysTick_Handler                
00000add  _system_pre_init               
00000ae1  __mpu_init                     
00000ae3  _system_post_cinit             
00000b4c  __TI_Handler_Table_Base        
00000b58  __TI_Handler_Table_Limit       
00000b60  __TI_CINIT_Base                
00000b70  __TI_CINIT_Limit               
20006000  __TI_cleanup_ptr               
20006004  __TI_dtors_ptr                 
20006008  __TI_enable_exit_profile_output
2000600c  _lock                          
20006010  _unlock                        
20006014  main_func_sp                   
2000fe00  __stack                        
20010000  __STACK_END                    
4000480c  WDTCTL_SYM                     
ffffffff  __TI_pprof_out_hndl            
ffffffff  __TI_prof_data_size            
ffffffff  __TI_prof_data_start           
ffffffff  __binit__                      
ffffffff  __c_args__                     
ffffffff  binit                          
UNDEFED   SHT$$INIT_ARRAY$$Base          
UNDEFED   SHT$$INIT_ARRAY$$Limit         

[107 symbols]
